// Vitest Snapshot v1, https://vitest.dev/guide/snapshot.html

exports[`CartPanel behaves correctly > panel renders 1`] = `
<DocumentFragment>
  <div
    class="_panelWrapper_7f3fc5 "
    data-testid="panel-wrapper"
  >
    <div
      class="_cart_7f3fc5 _searchContainer_7f3fc5 "
    >
      <button
        class="_back_7f3fc5"
      >
        Back
      </button>
      <div
        class="_cartHeaders_7f3fc5"
      >
        <p>
          Item
        </p>
        <p
          class="_price_7f3fc5"
        >
          Price
        </p>
        <p
          class="_quantity_7f3fc5"
        >
          Quantity
        </p>
        <p>
          Total
        </p>
      </div>
      <h2>
        Your Cart
      </h2>
      <div
        class="_cartWrapper_7f3fc5"
      >
        <section
          class="_cartContainer_7f3fc5"
        >
          <article
            class="_card_d72dd6"
            data-testid="card"
          >
            <div
              class="_cardImg_d72dd6"
            >
              <img
                alt="product thumbnail"
                class="_thumbnail_d72dd6"
                src="https://fakestoreapi.com/img/81fPKd-2AYL._AC_SL1500_.jpg"
              />
            </div>
            <div
              class="_cardInfo_d72dd6"
            >
              <div
                class="_titleContainer_d72dd6"
              >
                <p>
                  Fjallraven - Foldsack No. 1 Backpack, Fits 15 Laptops
                </p>
              </div>
              <div
                class="_priceContainer_d72dd6"
              >
                <p>
                  $109.95
                </p>
              </div>
              <div
                class="_quantityControls_4bc385"
              >
                <label
                  for="quantity"
                >
                  Qty:
                </label>
                <div
                  class="_controlsWrapper_4bc385"
                >
                  <div
                    class="_decrementContainer_4bc385"
                  >
                    <button>
                      -
                    </button>
                  </div>
                  <div
                    class="_clickableInputContainer_4bc385"
                  >
                    <input
                      class="_clickableInput_4bc385"
                      id="quantity"
                      max="9"
                      min="1"
                      name="quantity"
                      type="quantity"
                      value="4"
                    />
                  </div>
                  <div
                    class="_incrementContainer_4bc385"
                  >
                    <button>
                      +
                    </button>
                  </div>
                </div>
              </div>
              <div
                class="_priceTotalContainer_d72dd6"
              >
                <p>
                  $439.80
                </p>
              </div>
              <div
                class="_productControlsContainer_d72dd6"
              />
            </div>
          </article>
          <article
            class="_card_d72dd6"
            data-testid="card"
          >
            <div
              class="_cardImg_d72dd6"
            >
              <img
                alt="product thumbnail"
                class="_thumbnail_d72dd6"
                src="https://fakestoreapi.com/img/71-3HjGNDUL._AC_SY879._SX._UX._SY._UY_.jpg"
              />
            </div>
            <div
              class="_cardInfo_d72dd6"
            >
              <div
                class="_titleContainer_d72dd6"
              >
                <p>
                  Mens Casual Premium Slim Fit T-Shirts 
                </p>
              </div>
              <div
                class="_priceContainer_d72dd6"
              >
                <p>
                  $22.30
                </p>
              </div>
              <div
                class="_quantityControls_4bc385"
              >
                <label
                  for="quantity"
                >
                  Qty:
                </label>
                <div
                  class="_controlsWrapper_4bc385"
                >
                  <div
                    class="_decrementContainer_4bc385"
                  >
                    <button>
                      -
                    </button>
                  </div>
                  <div
                    class="_clickableInputContainer_4bc385"
                  >
                    <input
                      class="_clickableInput_4bc385"
                      id="quantity"
                      max="9"
                      min="1"
                      name="quantity"
                      type="quantity"
                      value="4"
                    />
                  </div>
                  <div
                    class="_incrementContainer_4bc385"
                  >
                    <button>
                      +
                    </button>
                  </div>
                </div>
              </div>
              <div
                class="_priceTotalContainer_d72dd6"
              >
                <p>
                  $89.20
                </p>
              </div>
              <div
                class="_productControlsContainer_d72dd6"
              />
            </div>
          </article>
          <article
            class="_card_d72dd6"
            data-testid="card"
          >
            <div
              class="_cardImg_d72dd6"
            >
              <img
                alt="product thumbnail"
                class="_thumbnail_d72dd6"
                src="https://fakestoreapi.com/img/71li-ujtlUL._AC_UX679_.jpg"
              />
            </div>
            <div
              class="_cardInfo_d72dd6"
            >
              <div
                class="_titleContainer_d72dd6"
              >
                <p>
                  Mens Cotton Jacket
                </p>
              </div>
              <div
                class="_priceContainer_d72dd6"
              >
                <p>
                  $55.99
                </p>
              </div>
              <div
                class="_quantityControls_4bc385"
              >
                <label
                  for="quantity"
                >
                  Qty:
                </label>
                <div
                  class="_controlsWrapper_4bc385"
                >
                  <div
                    class="_decrementContainer_4bc385"
                  >
                    <button>
                      -
                    </button>
                  </div>
                  <div
                    class="_clickableInputContainer_4bc385"
                  >
                    <input
                      class="_clickableInput_4bc385"
                      id="quantity"
                      max="9"
                      min="1"
                      name="quantity"
                      type="quantity"
                      value="2"
                    />
                  </div>
                  <div
                    class="_incrementContainer_4bc385"
                  >
                    <button>
                      +
                    </button>
                  </div>
                </div>
              </div>
              <div
                class="_priceTotalContainer_d72dd6"
              >
                <p>
                  $111.98
                </p>
              </div>
              <div
                class="_productControlsContainer_d72dd6"
              />
            </div>
          </article>
          <article
            class="_card_d72dd6"
            data-testid="card"
          >
            <div
              class="_cardImg_d72dd6"
            >
              <img
                alt="product thumbnail"
                class="_thumbnail_d72dd6"
                src="https://fakestoreapi.com/img/71YXzeOuslL._AC_UY879_.jpg"
              />
            </div>
            <div
              class="_cardInfo_d72dd6"
            >
              <div
                class="_titleContainer_d72dd6"
              >
                <p>
                  Mens Casual Slim Fit
                </p>
              </div>
              <div
                class="_priceContainer_d72dd6"
              >
                <p>
                  $15.99
                </p>
              </div>
              <div
                class="_quantityControls_4bc385"
              >
                <label
                  for="quantity"
                >
                  Qty:
                </label>
                <div
                  class="_controlsWrapper_4bc385"
                >
                  <div
                    class="_decrementContainer_4bc385"
                  >
                    <button>
                      -
                    </button>
                  </div>
                  <div
                    class="_clickableInputContainer_4bc385"
                  >
                    <input
                      class="_clickableInput_4bc385"
                      id="quantity"
                      max="9"
                      min="1"
                      name="quantity"
                      type="quantity"
                      value="1"
                    />
                  </div>
                  <div
                    class="_incrementContainer_4bc385"
                  >
                    <button>
                      +
                    </button>
                  </div>
                </div>
              </div>
              <div
                class="_priceTotalContainer_d72dd6"
              >
                <p>
                  $15.99
                </p>
              </div>
              <div
                class="_productControlsContainer_d72dd6"
              />
            </div>
          </article>
        </section>
        <section
          class="_orderSummaryContainer_7f3fc5"
        >
          <div>
            <p>
              Subtotal
            </p>
            <p>
              $656.97
            </p>
          </div>
          <div>
            <p>
              Shipping
            </p>
            <p>
              $5.50
            </p>
          </div>
          <div>
            <p>
              Total
            </p>
            <p>
              $662.47
            </p>
          </div>
        </section>
      </div>
    </div>
  </div>
</DocumentFragment>
`;
